------------------------------------------------------------
TimeQuest Timing Analyzer Summary
------------------------------------------------------------

Type  : Slow 1200mV 85C Model Setup 'VGAFreq|altpll_component|auto_generated|pll1|clk[0]'
Slack : -19.800
TNS   : -435.517

Type  : Slow 1200mV 85C Model Setup 'slowClockCounter[16]'
Slack : -8.537
TNS   : -943.059

Type  : Slow 1200mV 85C Model Setup 'fastClockCounter[17]'
Slack : -4.335
TNS   : -81.632

Type  : Slow 1200mV 85C Model Setup 'CLOCK_50'
Slack : -1.544
TNS   : -2.803

Type  : Slow 1200mV 85C Model Hold 'slowClockCounter[16]'
Slack : 0.386
TNS   : 0.000

Type  : Slow 1200mV 85C Model Hold 'VGAFreq|altpll_component|auto_generated|pll1|clk[0]'
Slack : 0.403
TNS   : 0.000

Type  : Slow 1200mV 85C Model Hold 'CLOCK_50'
Slack : 0.407
TNS   : 0.000

Type  : Slow 1200mV 85C Model Hold 'fastClockCounter[17]'
Slack : 1.181
TNS   : 0.000

Type  : Slow 1200mV 85C Model Minimum Pulse Width 'slowClockCounter[16]'
Slack : -1.285
TNS   : -169.620

Type  : Slow 1200mV 85C Model Minimum Pulse Width 'fastClockCounter[17]'
Slack : -1.285
TNS   : -28.270

Type  : Slow 1200mV 85C Model Minimum Pulse Width 'VGAFreq|altpll_component|auto_generated|pll1|clk[0]'
Slack : 4.328
TNS   : 0.000

Type  : Slow 1200mV 85C Model Minimum Pulse Width 'CLOCK_50'
Slack : 9.681
TNS   : 0.000

Type  : Slow 1200mV 0C Model Setup 'VGAFreq|altpll_component|auto_generated|pll1|clk[0]'
Slack : -17.917
TNS   : -393.414

Type  : Slow 1200mV 0C Model Setup 'slowClockCounter[16]'
Slack : -7.676
TNS   : -843.095

Type  : Slow 1200mV 0C Model Setup 'fastClockCounter[17]'
Slack : -3.826
TNS   : -72.107

Type  : Slow 1200mV 0C Model Setup 'CLOCK_50'
Slack : -1.381
TNS   : -2.500

Type  : Slow 1200mV 0C Model Hold 'slowClockCounter[16]'
Slack : 0.338
TNS   : 0.000

Type  : Slow 1200mV 0C Model Hold 'VGAFreq|altpll_component|auto_generated|pll1|clk[0]'
Slack : 0.355
TNS   : 0.000

Type  : Slow 1200mV 0C Model Hold 'CLOCK_50'
Slack : 0.364
TNS   : 0.000

Type  : Slow 1200mV 0C Model Hold 'fastClockCounter[17]'
Slack : 1.074
TNS   : 0.000

Type  : Slow 1200mV 0C Model Minimum Pulse Width 'slowClockCounter[16]'
Slack : -1.285
TNS   : -169.620

Type  : Slow 1200mV 0C Model Minimum Pulse Width 'fastClockCounter[17]'
Slack : -1.285
TNS   : -28.270

Type  : Slow 1200mV 0C Model Minimum Pulse Width 'VGAFreq|altpll_component|auto_generated|pll1|clk[0]'
Slack : 4.318
TNS   : 0.000

Type  : Slow 1200mV 0C Model Minimum Pulse Width 'CLOCK_50'
Slack : 9.688
TNS   : 0.000

Type  : Fast 1200mV 0C Model Setup 'VGAFreq|altpll_component|auto_generated|pll1|clk[0]'
Slack : -9.962
TNS   : -219.835

Type  : Fast 1200mV 0C Model Setup 'slowClockCounter[16]'
Slack : -3.716
TNS   : -396.414

Type  : Fast 1200mV 0C Model Setup 'fastClockCounter[17]'
Slack : -1.609
TNS   : -28.475

Type  : Fast 1200mV 0C Model Setup 'CLOCK_50'
Slack : -0.641
TNS   : -1.107

Type  : Fast 1200mV 0C Model Hold 'slowClockCounter[16]'
Slack : 0.173
TNS   : 0.000

Type  : Fast 1200mV 0C Model Hold 'VGAFreq|altpll_component|auto_generated|pll1|clk[0]'
Slack : 0.182
TNS   : 0.000

Type  : Fast 1200mV 0C Model Hold 'CLOCK_50'
Slack : 0.188
TNS   : 0.000

Type  : Fast 1200mV 0C Model Hold 'fastClockCounter[17]'
Slack : 0.539
TNS   : 0.000

Type  : Fast 1200mV 0C Model Minimum Pulse Width 'slowClockCounter[16]'
Slack : -1.000
TNS   : -132.000

Type  : Fast 1200mV 0C Model Minimum Pulse Width 'fastClockCounter[17]'
Slack : -1.000
TNS   : -22.000

Type  : Fast 1200mV 0C Model Minimum Pulse Width 'VGAFreq|altpll_component|auto_generated|pll1|clk[0]'
Slack : 4.409
TNS   : 0.000

Type  : Fast 1200mV 0C Model Minimum Pulse Width 'CLOCK_50'
Slack : 9.266
TNS   : 0.000

------------------------------------------------------------
